This should fail, as approved and verified filenames are identical
