number(9012)
 Hello number(1234)
 World number(1234)
 number(5678)

