*****************************************************************************
*                                                                           *
* The environment variable APPROVAL_TESTS_USE_REPORTER contains the value
* FOO
*
* This reporter is recognised, but cannot be found on this machine.
*
* Please unset the environment value, or change it to refer to a working
* reporter:
*
* A
* B
*
* For more information, see:
* https://github.com/approvals/ApprovalTests.cpp/blob/master/doc/how_tos/SelectReporterWithEnvironmentVariable.md
*                                                                           *
*****************************************************************************
