Kaleidoscope => Mac::KaleidoscopeReporter
 Kaleidoscope => Mac::KaleidoscopeReporter
Kaleidoscope  => Mac::KaleidoscopeReporter
 Kaleidoscope  => Mac::KaleidoscopeReporter
 Mac::Kaleidoscope  => Mac::KaleidoscopeReporter

