Mac::KaleidoscopeReporter => Mac::KaleidoscopeReporter
KaleidoscopeReporter => 
Mac::Kaleidoscope => Mac::KaleidoscopeReporter
Kaleidoscope => 

