AutoApproveIfMissingReporter
AutoApproveReporter
CIBuildOnlyReporter
ClipboardReporter
CrossPlatform::VisualStudioCodeReporter
DefaultFrontLoadedReporter
DefaultReporter
DiffReporter
EnvironmentVariableReporter
Linux::BeyondCompareReporter
Linux::KDiff3Reporter
Linux::MeldReporter
Linux::SublimeMergeReporter
Mac::AraxisMergeReporter
Mac::BeyondCompareReporter
Mac::CLionDiffReporter
Mac::DiffMergeReporter
Mac::KDiff3Reporter
Mac::KaleidoscopeReporter
Mac::P4MergeReporter
Mac::SublimeMergeReporter
Mac::TkDiffReporter
Mac::VisualStudioCodeReporter
QuietReporter
TextDiffReporter
Windows::AraxisMergeReporter
Windows::BeyondCompareReporter
Windows::CodeCompareReporter
Windows::KDiff3Reporter
Windows::SublimeMergeReporter
Windows::TortoiseDiffReporter
Windows::TortoiseGitDiffReporter
Windows::VisualStudioCodeReporter
Windows::WinMergeReporter

