Comparing files:
received: <Directory>/_r.txt
approved: <Directory>/_a.txt

