For template: {RelativeTestSourceDirectory}/{ApprovalsSubdirectory}/{TestFileName}.{TestCaseName}.{ApprovedOrReceived}.{FileExtension}

Result: namers/approval_tests/TemplatedCustomNamerTests.Demo_all_namer_templates.approved.txt

With breakdown:
RelativeTestSourceDirectory = namers/
ApprovalsSubdirectory       = approval_tests/
TestFileName                = TemplatedCustomNamerTests
TestCaseName                = Demo_all_namer_templates
ApprovedOrReceived          = approved
FileExtension               = txt

Also available:
{TestSourceDirectory} = <full path to sources>/ApprovalTests.cpp/tests/DocTest_Tests/namers/

