Files that have both snippets or embedded whole source files and using namespace ApprovalTests

../tests/DocTest_Tests/docs/Tutorial.cpp
