Files that have include without ApprovalTests/ prefix

