(From Template: 0, From Template: 0) => placeholder
(From Template: 0, From Template: 0) => placeholder

