(From StringMaker: 0, From StringMaker: 0) => placeholder
(From StringMaker: 0, From StringMaker: 0) => placeholder

