OXOXOX
XOXOXO
OXOXOX
XOXOXO
OXOXOX
XOXOXO
OXOXOX
XOXOXO

